[02-Sep-2025 11:53:46 UTC] PHP Warning:  Constant WP_DEBUG already defined in C:\xampp\htdocs\CDA-WEBSITE-PROJECT\CDA-WEBSITE\wordpress-backend\wp-config.php on line 114
[02-Sep-2025 11:53:46 UTC] PHP Warning:  Constant WP_DEBUG_LOG already defined in C:\xampp\htdocs\CDA-WEBSITE-PROJECT\CDA-WEBSITE\wordpress-backend\wp-config.php on line 115
[02-Sep-2025 11:53:46 UTC] PHP Warning:  Constant WP_DEBUG_DISPLAY already defined in C:\xampp\htdocs\CDA-WEBSITE-PROJECT\CDA-WEBSITE\wordpress-backend\wp-config.php on line 116
[02-Sep-2025 11:53:46 UTC] PHP Deprecated:  Hook graphql_data_loaders is <strong>deprecated</strong> since version 2.3.2! Use graphql_data_loader_classes instead. The graphql_data_loaders filter is deprecated and will be removed in a future version. Instead, use the graphql_data_loader_classes filter to add/change data loader classes before they are instantiated. in C:\xampp\htdocs\CDA-WEBSITE-PROJECT\CDA-WEBSITE\wordpress-backend\wp-includes\functions.php on line 6121
[02-Sep-2025 11:53:46 UTC] PHP Deprecated:  Hook graphql_data_loaders is <strong>deprecated</strong> since version 2.3.2! Use graphql_data_loader_classes instead. The graphql_data_loaders filter is deprecated and will be removed in a future version. Instead, use the graphql_data_loader_classes filter to add/change data loader classes before they are instantiated. in C:\xampp\htdocs\CDA-WEBSITE-PROJECT\CDA-WEBSITE\wordpress-backend\wp-includes\functions.php on line 6121
[02-Sep-2025 11:53:46 UTC] PHP Deprecated:  Hook graphql_data_loaders is <strong>deprecated</strong> since version 2.3.2! Use graphql_data_loader_classes instead. The graphql_data_loaders filter is deprecated and will be removed in a future version. Instead, use the graphql_data_loader_classes filter to add/change data loader classes before they are instantiated. in C:\xampp\htdocs\CDA-WEBSITE-PROJECT\CDA-WEBSITE\wordpress-backend\wp-includes\functions.php on line 6121
[02-Sep-2025 11:55:03 UTC] PHP Warning:  Constant WP_DEBUG already defined in C:\xampp\htdocs\CDA-WEBSITE-PROJECT\CDA-WEBSITE\wordpress-backend\wp-config.php on line 114
[02-Sep-2025 11:55:03 UTC] PHP Warning:  Constant WP_DEBUG_LOG already defined in C:\xampp\htdocs\CDA-WEBSITE-PROJECT\CDA-WEBSITE\wordpress-backend\wp-config.php on line 115
[02-Sep-2025 11:55:03 UTC] PHP Warning:  Constant WP_DEBUG_DISPLAY already defined in C:\xampp\htdocs\CDA-WEBSITE-PROJECT\CDA-WEBSITE\wordpress-backend\wp-config.php on line 116
[02-Sep-2025 11:56:39 UTC] PHP Warning:  Constant WP_DEBUG already defined in C:\xampp\htdocs\CDA-WEBSITE-PROJECT\CDA-WEBSITE\wordpress-backend\wp-config.php on line 114
[02-Sep-2025 11:56:39 UTC] PHP Warning:  Constant WP_DEBUG_LOG already defined in C:\xampp\htdocs\CDA-WEBSITE-PROJECT\CDA-WEBSITE\wordpress-backend\wp-config.php on line 115
[02-Sep-2025 11:56:39 UTC] PHP Warning:  Constant WP_DEBUG_DISPLAY already defined in C:\xampp\htdocs\CDA-WEBSITE-PROJECT\CDA-WEBSITE\wordpress-backend\wp-config.php on line 116
[02-Sep-2025 11:56:42 UTC] PHP Warning:  Constant WP_DEBUG already defined in C:\xampp\htdocs\CDA-WEBSITE-PROJECT\CDA-WEBSITE\wordpress-backend\wp-config.php on line 114
[02-Sep-2025 11:56:42 UTC] PHP Warning:  Constant WP_DEBUG_LOG already defined in C:\xampp\htdocs\CDA-WEBSITE-PROJECT\CDA-WEBSITE\wordpress-backend\wp-config.php on line 115
[02-Sep-2025 11:56:42 UTC] PHP Warning:  Constant WP_DEBUG_DISPLAY already defined in C:\xampp\htdocs\CDA-WEBSITE-PROJECT\CDA-WEBSITE\wordpress-backend\wp-config.php on line 116
[02-Sep-2025 11:56:42 UTC] PHP Deprecated:  Hook graphql_data_loaders is <strong>deprecated</strong> since version 2.3.2! Use graphql_data_loader_classes instead. The graphql_data_loaders filter is deprecated and will be removed in a future version. Instead, use the graphql_data_loader_classes filter to add/change data loader classes before they are instantiated. in C:\xampp\htdocs\CDA-WEBSITE-PROJECT\CDA-WEBSITE\wordpress-backend\wp-includes\functions.php on line 6121
[02-Sep-2025 11:56:42 UTC] PHP Deprecated:  Hook graphql_data_loaders is <strong>deprecated</strong> since version 2.3.2! Use graphql_data_loader_classes instead. The graphql_data_loaders filter is deprecated and will be removed in a future version. Instead, use the graphql_data_loader_classes filter to add/change data loader classes before they are instantiated. in C:\xampp\htdocs\CDA-WEBSITE-PROJECT\CDA-WEBSITE\wordpress-backend\wp-includes\functions.php on line 6121
[02-Sep-2025 11:56:42 UTC] PHP Deprecated:  Hook graphql_data_loaders is <strong>deprecated</strong> since version 2.3.2! Use graphql_data_loader_classes instead. The graphql_data_loaders filter is deprecated and will be removed in a future version. Instead, use the graphql_data_loader_classes filter to add/change data loader classes before they are instantiated. in C:\xampp\htdocs\CDA-WEBSITE-PROJECT\CDA-WEBSITE\wordpress-backend\wp-includes\functions.php on line 6121
[02-Sep-2025 11:56:46 UTC] PHP Warning:  Constant WP_DEBUG already defined in C:\xampp\htdocs\CDA-WEBSITE-PROJECT\CDA-WEBSITE\wordpress-backend\wp-config.php on line 114
[02-Sep-2025 11:56:46 UTC] PHP Warning:  Constant WP_DEBUG_LOG already defined in C:\xampp\htdocs\CDA-WEBSITE-PROJECT\CDA-WEBSITE\wordpress-backend\wp-config.php on line 115
[02-Sep-2025 11:56:46 UTC] PHP Warning:  Constant WP_DEBUG_DISPLAY already defined in C:\xampp\htdocs\CDA-WEBSITE-PROJECT\CDA-WEBSITE\wordpress-backend\wp-config.php on line 116
[02-Sep-2025 11:56:46 UTC] PHP Deprecated:  Hook graphql_data_loaders is <strong>deprecated</strong> since version 2.3.2! Use graphql_data_loader_classes instead. The graphql_data_loaders filter is deprecated and will be removed in a future version. Instead, use the graphql_data_loader_classes filter to add/change data loader classes before they are instantiated. in C:\xampp\htdocs\CDA-WEBSITE-PROJECT\CDA-WEBSITE\wordpress-backend\wp-includes\functions.php on line 6121
[02-Sep-2025 11:56:46 UTC] PHP Deprecated:  Hook graphql_data_loaders is <strong>deprecated</strong> since version 2.3.2! Use graphql_data_loader_classes instead. The graphql_data_loaders filter is deprecated and will be removed in a future version. Instead, use the graphql_data_loader_classes filter to add/change data loader classes before they are instantiated. in C:\xampp\htdocs\CDA-WEBSITE-PROJECT\CDA-WEBSITE\wordpress-backend\wp-includes\functions.php on line 6121
[02-Sep-2025 11:56:46 UTC] PHP Deprecated:  Hook graphql_data_loaders is <strong>deprecated</strong> since version 2.3.2! Use graphql_data_loader_classes instead. The graphql_data_loaders filter is deprecated and will be removed in a future version. Instead, use the graphql_data_loader_classes filter to add/change data loader classes before they are instantiated. in C:\xampp\htdocs\CDA-WEBSITE-PROJECT\CDA-WEBSITE\wordpress-backend\wp-includes\functions.php on line 6121
[02-Sep-2025 11:57:00 UTC] PHP Warning:  Constant WP_DEBUG already defined in C:\xampp\htdocs\CDA-WEBSITE-PROJECT\CDA-WEBSITE\wordpress-backend\wp-config.php on line 114
[02-Sep-2025 11:57:00 UTC] PHP Warning:  Constant WP_DEBUG_LOG already defined in C:\xampp\htdocs\CDA-WEBSITE-PROJECT\CDA-WEBSITE\wordpress-backend\wp-config.php on line 115
[02-Sep-2025 11:57:00 UTC] PHP Warning:  Constant WP_DEBUG_DISPLAY already defined in C:\xampp\htdocs\CDA-WEBSITE-PROJECT\CDA-WEBSITE\wordpress-backend\wp-config.php on line 116
[02-Sep-2025 11:57:00 UTC] PHP Deprecated:  Hook graphql_data_loaders is <strong>deprecated</strong> since version 2.3.2! Use graphql_data_loader_classes instead. The graphql_data_loaders filter is deprecated and will be removed in a future version. Instead, use the graphql_data_loader_classes filter to add/change data loader classes before they are instantiated. in C:\xampp\htdocs\CDA-WEBSITE-PROJECT\CDA-WEBSITE\wordpress-backend\wp-includes\functions.php on line 6121
[02-Sep-2025 11:57:00 UTC] PHP Deprecated:  Hook graphql_data_loaders is <strong>deprecated</strong> since version 2.3.2! Use graphql_data_loader_classes instead. The graphql_data_loaders filter is deprecated and will be removed in a future version. Instead, use the graphql_data_loader_classes filter to add/change data loader classes before they are instantiated. in C:\xampp\htdocs\CDA-WEBSITE-PROJECT\CDA-WEBSITE\wordpress-backend\wp-includes\functions.php on line 6121
[02-Sep-2025 11:57:00 UTC] PHP Deprecated:  Hook graphql_data_loaders is <strong>deprecated</strong> since version 2.3.2! Use graphql_data_loader_classes instead. The graphql_data_loaders filter is deprecated and will be removed in a future version. Instead, use the graphql_data_loader_classes filter to add/change data loader classes before they are instantiated. in C:\xampp\htdocs\CDA-WEBSITE-PROJECT\CDA-WEBSITE\wordpress-backend\wp-includes\functions.php on line 6121
[02-Sep-2025 11:57:04 UTC] PHP Warning:  Constant WP_DEBUG already defined in C:\xampp\htdocs\CDA-WEBSITE-PROJECT\CDA-WEBSITE\wordpress-backend\wp-config.php on line 114
[02-Sep-2025 11:57:04 UTC] PHP Warning:  Constant WP_DEBUG_LOG already defined in C:\xampp\htdocs\CDA-WEBSITE-PROJECT\CDA-WEBSITE\wordpress-backend\wp-config.php on line 115
[02-Sep-2025 11:57:04 UTC] PHP Warning:  Constant WP_DEBUG_DISPLAY already defined in C:\xampp\htdocs\CDA-WEBSITE-PROJECT\CDA-WEBSITE\wordpress-backend\wp-config.php on line 116
[02-Sep-2025 11:57:43 UTC] PHP Warning:  Constant WP_DEBUG already defined in C:\xampp\htdocs\CDA-WEBSITE-PROJECT\CDA-WEBSITE\wordpress-backend\wp-config.php on line 114
[02-Sep-2025 11:57:43 UTC] PHP Warning:  Constant WP_DEBUG_LOG already defined in C:\xampp\htdocs\CDA-WEBSITE-PROJECT\CDA-WEBSITE\wordpress-backend\wp-config.php on line 115
[02-Sep-2025 11:57:43 UTC] PHP Warning:  Constant WP_DEBUG_DISPLAY already defined in C:\xampp\htdocs\CDA-WEBSITE-PROJECT\CDA-WEBSITE\wordpress-backend\wp-config.php on line 116
[02-Sep-2025 11:58:44 UTC] PHP Warning:  Constant WP_DEBUG already defined in C:\xampp\htdocs\CDA-WEBSITE-PROJECT\CDA-WEBSITE\wordpress-backend\wp-config.php on line 114
[02-Sep-2025 11:58:44 UTC] PHP Warning:  Constant WP_DEBUG_LOG already defined in C:\xampp\htdocs\CDA-WEBSITE-PROJECT\CDA-WEBSITE\wordpress-backend\wp-config.php on line 115
[02-Sep-2025 11:58:44 UTC] PHP Warning:  Constant WP_DEBUG_DISPLAY already defined in C:\xampp\htdocs\CDA-WEBSITE-PROJECT\CDA-WEBSITE\wordpress-backend\wp-config.php on line 116
[02-Sep-2025 11:59:05 UTC] PHP Warning:  Constant WP_DEBUG already defined in C:\xampp\htdocs\CDA-WEBSITE-PROJECT\CDA-WEBSITE\wordpress-backend\wp-config.php on line 114
[02-Sep-2025 11:59:05 UTC] PHP Warning:  Constant WP_DEBUG_LOG already defined in C:\xampp\htdocs\CDA-WEBSITE-PROJECT\CDA-WEBSITE\wordpress-backend\wp-config.php on line 115
[02-Sep-2025 11:59:05 UTC] PHP Warning:  Constant WP_DEBUG_DISPLAY already defined in C:\xampp\htdocs\CDA-WEBSITE-PROJECT\CDA-WEBSITE\wordpress-backend\wp-config.php on line 116
[02-Sep-2025 12:00:45 UTC] PHP Warning:  Constant WP_DEBUG already defined in C:\xampp\htdocs\CDA-WEBSITE-PROJECT\CDA-WEBSITE\wordpress-backend\wp-config.php on line 114
[02-Sep-2025 12:00:45 UTC] PHP Warning:  Constant WP_DEBUG_LOG already defined in C:\xampp\htdocs\CDA-WEBSITE-PROJECT\CDA-WEBSITE\wordpress-backend\wp-config.php on line 115
[02-Sep-2025 12:00:45 UTC] PHP Warning:  Constant WP_DEBUG_DISPLAY already defined in C:\xampp\htdocs\CDA-WEBSITE-PROJECT\CDA-WEBSITE\wordpress-backend\wp-config.php on line 116
[02-Sep-2025 12:01:06 UTC] PHP Warning:  Constant WP_DEBUG already defined in C:\xampp\htdocs\CDA-WEBSITE-PROJECT\CDA-WEBSITE\wordpress-backend\wp-config.php on line 114
[02-Sep-2025 12:01:06 UTC] PHP Warning:  Constant WP_DEBUG_LOG already defined in C:\xampp\htdocs\CDA-WEBSITE-PROJECT\CDA-WEBSITE\wordpress-backend\wp-config.php on line 115
[02-Sep-2025 12:01:06 UTC] PHP Warning:  Constant WP_DEBUG_DISPLAY already defined in C:\xampp\htdocs\CDA-WEBSITE-PROJECT\CDA-WEBSITE\wordpress-backend\wp-config.php on line 116
[02-Sep-2025 12:02:46 UTC] PHP Warning:  Constant WP_DEBUG already defined in C:\xampp\htdocs\CDA-WEBSITE-PROJECT\CDA-WEBSITE\wordpress-backend\wp-config.php on line 114
[02-Sep-2025 12:02:46 UTC] PHP Warning:  Constant WP_DEBUG_LOG already defined in C:\xampp\htdocs\CDA-WEBSITE-PROJECT\CDA-WEBSITE\wordpress-backend\wp-config.php on line 115
[02-Sep-2025 12:02:46 UTC] PHP Warning:  Constant WP_DEBUG_DISPLAY already defined in C:\xampp\htdocs\CDA-WEBSITE-PROJECT\CDA-WEBSITE\wordpress-backend\wp-config.php on line 116
[02-Sep-2025 12:03:07 UTC] PHP Warning:  Constant WP_DEBUG already defined in C:\xampp\htdocs\CDA-WEBSITE-PROJECT\CDA-WEBSITE\wordpress-backend\wp-config.php on line 114
[02-Sep-2025 12:03:07 UTC] PHP Warning:  Constant WP_DEBUG_LOG already defined in C:\xampp\htdocs\CDA-WEBSITE-PROJECT\CDA-WEBSITE\wordpress-backend\wp-config.php on line 115
[02-Sep-2025 12:03:07 UTC] PHP Warning:  Constant WP_DEBUG_DISPLAY already defined in C:\xampp\htdocs\CDA-WEBSITE-PROJECT\CDA-WEBSITE\wordpress-backend\wp-config.php on line 116
[02-Sep-2025 12:04:47 UTC] PHP Warning:  Constant WP_DEBUG already defined in C:\xampp\htdocs\CDA-WEBSITE-PROJECT\CDA-WEBSITE\wordpress-backend\wp-config.php on line 114
[02-Sep-2025 12:04:47 UTC] PHP Warning:  Constant WP_DEBUG_LOG already defined in C:\xampp\htdocs\CDA-WEBSITE-PROJECT\CDA-WEBSITE\wordpress-backend\wp-config.php on line 115
[02-Sep-2025 12:04:47 UTC] PHP Warning:  Constant WP_DEBUG_DISPLAY already defined in C:\xampp\htdocs\CDA-WEBSITE-PROJECT\CDA-WEBSITE\wordpress-backend\wp-config.php on line 116
[02-Sep-2025 12:05:08 UTC] PHP Warning:  Constant WP_DEBUG already defined in C:\xampp\htdocs\CDA-WEBSITE-PROJECT\CDA-WEBSITE\wordpress-backend\wp-config.php on line 114
[02-Sep-2025 12:05:08 UTC] PHP Warning:  Constant WP_DEBUG_LOG already defined in C:\xampp\htdocs\CDA-WEBSITE-PROJECT\CDA-WEBSITE\wordpress-backend\wp-config.php on line 115
[02-Sep-2025 12:05:08 UTC] PHP Warning:  Constant WP_DEBUG_DISPLAY already defined in C:\xampp\htdocs\CDA-WEBSITE-PROJECT\CDA-WEBSITE\wordpress-backend\wp-config.php on line 116
[02-Sep-2025 12:06:13 UTC] PHP Warning:  Constant WP_DEBUG already defined in C:\xampp\htdocs\CDA-WEBSITE-PROJECT\CDA-WEBSITE\wordpress-backend\wp-config.php on line 114
[02-Sep-2025 12:06:13 UTC] PHP Warning:  Constant WP_DEBUG_LOG already defined in C:\xampp\htdocs\CDA-WEBSITE-PROJECT\CDA-WEBSITE\wordpress-backend\wp-config.php on line 115
[02-Sep-2025 12:06:13 UTC] PHP Warning:  Constant WP_DEBUG_DISPLAY already defined in C:\xampp\htdocs\CDA-WEBSITE-PROJECT\CDA-WEBSITE\wordpress-backend\wp-config.php on line 116
[02-Sep-2025 12:06:13 UTC] PHP Warning:  Constant WP_DEBUG already defined in C:\xampp\htdocs\CDA-WEBSITE-PROJECT\CDA-WEBSITE\wordpress-backend\wp-config.php on line 114
[02-Sep-2025 12:06:13 UTC] PHP Warning:  Constant WP_DEBUG_LOG already defined in C:\xampp\htdocs\CDA-WEBSITE-PROJECT\CDA-WEBSITE\wordpress-backend\wp-config.php on line 115
[02-Sep-2025 12:06:13 UTC] PHP Warning:  Constant WP_DEBUG_DISPLAY already defined in C:\xampp\htdocs\CDA-WEBSITE-PROJECT\CDA-WEBSITE\wordpress-backend\wp-config.php on line 116
[02-Sep-2025 12:06:13 UTC] PHP Deprecated:  Hook graphql_data_loaders is <strong>deprecated</strong> since version 2.3.2! Use graphql_data_loader_classes instead. The graphql_data_loaders filter is deprecated and will be removed in a future version. Instead, use the graphql_data_loader_classes filter to add/change data loader classes before they are instantiated. in C:\xampp\htdocs\CDA-WEBSITE-PROJECT\CDA-WEBSITE\wordpress-backend\wp-includes\functions.php on line 6121
[02-Sep-2025 12:06:13 UTC] PHP Deprecated:  Hook graphql_data_loaders is <strong>deprecated</strong> since version 2.3.2! Use graphql_data_loader_classes instead. The graphql_data_loaders filter is deprecated and will be removed in a future version. Instead, use the graphql_data_loader_classes filter to add/change data loader classes before they are instantiated. in C:\xampp\htdocs\CDA-WEBSITE-PROJECT\CDA-WEBSITE\wordpress-backend\wp-includes\functions.php on line 6121
[02-Sep-2025 12:06:13 UTC] PHP Deprecated:  Hook graphql_data_loaders is <strong>deprecated</strong> since version 2.3.2! Use graphql_data_loader_classes instead. The graphql_data_loaders filter is deprecated and will be removed in a future version. Instead, use the graphql_data_loader_classes filter to add/change data loader classes before they are instantiated. in C:\xampp\htdocs\CDA-WEBSITE-PROJECT\CDA-WEBSITE\wordpress-backend\wp-includes\functions.php on line 6121
[02-Sep-2025 12:06:45 UTC] PHP Warning:  Constant WP_DEBUG already defined in C:\xampp\htdocs\CDA-WEBSITE-PROJECT\CDA-WEBSITE\wordpress-backend\wp-config.php on line 114
[02-Sep-2025 12:06:45 UTC] PHP Warning:  Constant WP_DEBUG_LOG already defined in C:\xampp\htdocs\CDA-WEBSITE-PROJECT\CDA-WEBSITE\wordpress-backend\wp-config.php on line 115
[02-Sep-2025 12:06:45 UTC] PHP Warning:  Constant WP_DEBUG_DISPLAY already defined in C:\xampp\htdocs\CDA-WEBSITE-PROJECT\CDA-WEBSITE\wordpress-backend\wp-config.php on line 116
[02-Sep-2025 12:06:47 UTC] PHP Warning:  Constant WP_DEBUG already defined in C:\xampp\htdocs\CDA-WEBSITE-PROJECT\CDA-WEBSITE\wordpress-backend\wp-config.php on line 114
[02-Sep-2025 12:06:47 UTC] PHP Warning:  Constant WP_DEBUG_LOG already defined in C:\xampp\htdocs\CDA-WEBSITE-PROJECT\CDA-WEBSITE\wordpress-backend\wp-config.php on line 115
[02-Sep-2025 12:06:47 UTC] PHP Warning:  Constant WP_DEBUG_DISPLAY already defined in C:\xampp\htdocs\CDA-WEBSITE-PROJECT\CDA-WEBSITE\wordpress-backend\wp-config.php on line 116
[02-Sep-2025 12:06:47 UTC] PHP Deprecated:  Hook graphql_data_loaders is <strong>deprecated</strong> since version 2.3.2! Use graphql_data_loader_classes instead. The graphql_data_loaders filter is deprecated and will be removed in a future version. Instead, use the graphql_data_loader_classes filter to add/change data loader classes before they are instantiated. in C:\xampp\htdocs\CDA-WEBSITE-PROJECT\CDA-WEBSITE\wordpress-backend\wp-includes\functions.php on line 6121
[02-Sep-2025 12:06:47 UTC] PHP Deprecated:  Hook graphql_data_loaders is <strong>deprecated</strong> since version 2.3.2! Use graphql_data_loader_classes instead. The graphql_data_loaders filter is deprecated and will be removed in a future version. Instead, use the graphql_data_loader_classes filter to add/change data loader classes before they are instantiated. in C:\xampp\htdocs\CDA-WEBSITE-PROJECT\CDA-WEBSITE\wordpress-backend\wp-includes\functions.php on line 6121
[02-Sep-2025 12:06:47 UTC] PHP Deprecated:  Hook graphql_data_loaders is <strong>deprecated</strong> since version 2.3.2! Use graphql_data_loader_classes instead. The graphql_data_loaders filter is deprecated and will be removed in a future version. Instead, use the graphql_data_loader_classes filter to add/change data loader classes before they are instantiated. in C:\xampp\htdocs\CDA-WEBSITE-PROJECT\CDA-WEBSITE\wordpress-backend\wp-includes\functions.php on line 6121
[02-Sep-2025 12:07:00 UTC] PHP Warning:  Constant WP_DEBUG already defined in C:\xampp\htdocs\CDA-WEBSITE-PROJECT\CDA-WEBSITE\wordpress-backend\wp-config.php on line 114
[02-Sep-2025 12:07:00 UTC] PHP Warning:  Constant WP_DEBUG_LOG already defined in C:\xampp\htdocs\CDA-WEBSITE-PROJECT\CDA-WEBSITE\wordpress-backend\wp-config.php on line 115
[02-Sep-2025 12:07:00 UTC] PHP Warning:  Constant WP_DEBUG_DISPLAY already defined in C:\xampp\htdocs\CDA-WEBSITE-PROJECT\CDA-WEBSITE\wordpress-backend\wp-config.php on line 116
[02-Sep-2025 12:07:01 UTC] PHP Warning:  Constant WP_DEBUG already defined in C:\xampp\htdocs\CDA-WEBSITE-PROJECT\CDA-WEBSITE\wordpress-backend\wp-config.php on line 114
[02-Sep-2025 12:07:01 UTC] PHP Warning:  Constant WP_DEBUG_LOG already defined in C:\xampp\htdocs\CDA-WEBSITE-PROJECT\CDA-WEBSITE\wordpress-backend\wp-config.php on line 115
[02-Sep-2025 12:07:01 UTC] PHP Warning:  Constant WP_DEBUG_DISPLAY already defined in C:\xampp\htdocs\CDA-WEBSITE-PROJECT\CDA-WEBSITE\wordpress-backend\wp-config.php on line 116
[02-Sep-2025 12:07:01 UTC] PHP Deprecated:  Hook graphql_data_loaders is <strong>deprecated</strong> since version 2.3.2! Use graphql_data_loader_classes instead. The graphql_data_loaders filter is deprecated and will be removed in a future version. Instead, use the graphql_data_loader_classes filter to add/change data loader classes before they are instantiated. in C:\xampp\htdocs\CDA-WEBSITE-PROJECT\CDA-WEBSITE\wordpress-backend\wp-includes\functions.php on line 6121
[02-Sep-2025 12:07:01 UTC] PHP Deprecated:  Hook graphql_data_loaders is <strong>deprecated</strong> since version 2.3.2! Use graphql_data_loader_classes instead. The graphql_data_loaders filter is deprecated and will be removed in a future version. Instead, use the graphql_data_loader_classes filter to add/change data loader classes before they are instantiated. in C:\xampp\htdocs\CDA-WEBSITE-PROJECT\CDA-WEBSITE\wordpress-backend\wp-includes\functions.php on line 6121
[02-Sep-2025 12:07:02 UTC] PHP Deprecated:  Hook graphql_data_loaders is <strong>deprecated</strong> since version 2.3.2! Use graphql_data_loader_classes instead. The graphql_data_loaders filter is deprecated and will be removed in a future version. Instead, use the graphql_data_loader_classes filter to add/change data loader classes before they are instantiated. in C:\xampp\htdocs\CDA-WEBSITE-PROJECT\CDA-WEBSITE\wordpress-backend\wp-includes\functions.php on line 6121
[02-Sep-2025 12:07:02 UTC] PHP Warning:  Constant WP_DEBUG already defined in C:\xampp\htdocs\CDA-WEBSITE-PROJECT\CDA-WEBSITE\wordpress-backend\wp-config.php on line 114
[02-Sep-2025 12:07:02 UTC] PHP Warning:  Constant WP_DEBUG_LOG already defined in C:\xampp\htdocs\CDA-WEBSITE-PROJECT\CDA-WEBSITE\wordpress-backend\wp-config.php on line 115
[02-Sep-2025 12:07:02 UTC] PHP Warning:  Constant WP_DEBUG_DISPLAY already defined in C:\xampp\htdocs\CDA-WEBSITE-PROJECT\CDA-WEBSITE\wordpress-backend\wp-config.php on line 116
[02-Sep-2025 12:07:06 UTC] PHP Warning:  Constant WP_DEBUG already defined in C:\xampp\htdocs\CDA-WEBSITE-PROJECT\CDA-WEBSITE\wordpress-backend\wp-config.php on line 114
[02-Sep-2025 12:07:06 UTC] PHP Warning:  Constant WP_DEBUG_LOG already defined in C:\xampp\htdocs\CDA-WEBSITE-PROJECT\CDA-WEBSITE\wordpress-backend\wp-config.php on line 115
[02-Sep-2025 12:07:06 UTC] PHP Warning:  Constant WP_DEBUG_DISPLAY already defined in C:\xampp\htdocs\CDA-WEBSITE-PROJECT\CDA-WEBSITE\wordpress-backend\wp-config.php on line 116
[02-Sep-2025 12:07:11 UTC] PHP Warning:  Constant WP_DEBUG already defined in C:\xampp\htdocs\CDA-WEBSITE-PROJECT\CDA-WEBSITE\wordpress-backend\wp-config.php on line 114
[02-Sep-2025 12:07:11 UTC] PHP Warning:  Constant WP_DEBUG_LOG already defined in C:\xampp\htdocs\CDA-WEBSITE-PROJECT\CDA-WEBSITE\wordpress-backend\wp-config.php on line 115
[02-Sep-2025 12:07:11 UTC] PHP Warning:  Constant WP_DEBUG_DISPLAY already defined in C:\xampp\htdocs\CDA-WEBSITE-PROJECT\CDA-WEBSITE\wordpress-backend\wp-config.php on line 116
[02-Sep-2025 12:07:11 UTC] PHP Deprecated:  Hook graphql_data_loaders is <strong>deprecated</strong> since version 2.3.2! Use graphql_data_loader_classes instead. The graphql_data_loaders filter is deprecated and will be removed in a future version. Instead, use the graphql_data_loader_classes filter to add/change data loader classes before they are instantiated. in C:\xampp\htdocs\CDA-WEBSITE-PROJECT\CDA-WEBSITE\wordpress-backend\wp-includes\functions.php on line 6121
[02-Sep-2025 12:07:11 UTC] PHP Deprecated:  Hook graphql_data_loaders is <strong>deprecated</strong> since version 2.3.2! Use graphql_data_loader_classes instead. The graphql_data_loaders filter is deprecated and will be removed in a future version. Instead, use the graphql_data_loader_classes filter to add/change data loader classes before they are instantiated. in C:\xampp\htdocs\CDA-WEBSITE-PROJECT\CDA-WEBSITE\wordpress-backend\wp-includes\functions.php on line 6121
[02-Sep-2025 12:07:11 UTC] PHP Deprecated:  Hook graphql_data_loaders is <strong>deprecated</strong> since version 2.3.2! Use graphql_data_loader_classes instead. The graphql_data_loaders filter is deprecated and will be removed in a future version. Instead, use the graphql_data_loader_classes filter to add/change data loader classes before they are instantiated. in C:\xampp\htdocs\CDA-WEBSITE-PROJECT\CDA-WEBSITE\wordpress-backend\wp-includes\functions.php on line 6121
[02-Sep-2025 12:07:32 UTC] PHP Warning:  Constant WP_DEBUG already defined in C:\xampp\htdocs\CDA-WEBSITE-PROJECT\CDA-WEBSITE\wordpress-backend\wp-config.php on line 114
[02-Sep-2025 12:07:32 UTC] PHP Warning:  Constant WP_DEBUG_LOG already defined in C:\xampp\htdocs\CDA-WEBSITE-PROJECT\CDA-WEBSITE\wordpress-backend\wp-config.php on line 115
[02-Sep-2025 12:07:32 UTC] PHP Warning:  Constant WP_DEBUG_DISPLAY already defined in C:\xampp\htdocs\CDA-WEBSITE-PROJECT\CDA-WEBSITE\wordpress-backend\wp-config.php on line 116
[02-Sep-2025 12:07:32 UTC] PHP Deprecated:  Hook graphql_data_loaders is <strong>deprecated</strong> since version 2.3.2! Use graphql_data_loader_classes instead. The graphql_data_loaders filter is deprecated and will be removed in a future version. Instead, use the graphql_data_loader_classes filter to add/change data loader classes before they are instantiated. in C:\xampp\htdocs\CDA-WEBSITE-PROJECT\CDA-WEBSITE\wordpress-backend\wp-includes\functions.php on line 6121
[02-Sep-2025 12:07:32 UTC] PHP Deprecated:  Hook graphql_data_loaders is <strong>deprecated</strong> since version 2.3.2! Use graphql_data_loader_classes instead. The graphql_data_loaders filter is deprecated and will be removed in a future version. Instead, use the graphql_data_loader_classes filter to add/change data loader classes before they are instantiated. in C:\xampp\htdocs\CDA-WEBSITE-PROJECT\CDA-WEBSITE\wordpress-backend\wp-includes\functions.php on line 6121
[02-Sep-2025 12:07:32 UTC] PHP Deprecated:  Hook graphql_data_loaders is <strong>deprecated</strong> since version 2.3.2! Use graphql_data_loader_classes instead. The graphql_data_loaders filter is deprecated and will be removed in a future version. Instead, use the graphql_data_loader_classes filter to add/change data loader classes before they are instantiated. in C:\xampp\htdocs\CDA-WEBSITE-PROJECT\CDA-WEBSITE\wordpress-backend\wp-includes\functions.php on line 6121
[02-Sep-2025 12:07:39 UTC] PHP Warning:  Constant WP_DEBUG already defined in C:\xampp\htdocs\CDA-WEBSITE-PROJECT\CDA-WEBSITE\wordpress-backend\wp-config.php on line 114
[02-Sep-2025 12:07:39 UTC] PHP Warning:  Constant WP_DEBUG_LOG already defined in C:\xampp\htdocs\CDA-WEBSITE-PROJECT\CDA-WEBSITE\wordpress-backend\wp-config.php on line 115
[02-Sep-2025 12:07:39 UTC] PHP Warning:  Constant WP_DEBUG_DISPLAY already defined in C:\xampp\htdocs\CDA-WEBSITE-PROJECT\CDA-WEBSITE\wordpress-backend\wp-config.php on line 116
[02-Sep-2025 12:07:39 UTC] PHP Deprecated:  Hook graphql_data_loaders is <strong>deprecated</strong> since version 2.3.2! Use graphql_data_loader_classes instead. The graphql_data_loaders filter is deprecated and will be removed in a future version. Instead, use the graphql_data_loader_classes filter to add/change data loader classes before they are instantiated. in C:\xampp\htdocs\CDA-WEBSITE-PROJECT\CDA-WEBSITE\wordpress-backend\wp-includes\functions.php on line 6121
[02-Sep-2025 12:07:39 UTC] PHP Deprecated:  Hook graphql_data_loaders is <strong>deprecated</strong> since version 2.3.2! Use graphql_data_loader_classes instead. The graphql_data_loaders filter is deprecated and will be removed in a future version. Instead, use the graphql_data_loader_classes filter to add/change data loader classes before they are instantiated. in C:\xampp\htdocs\CDA-WEBSITE-PROJECT\CDA-WEBSITE\wordpress-backend\wp-includes\functions.php on line 6121
[02-Sep-2025 12:07:39 UTC] PHP Deprecated:  Hook graphql_data_loaders is <strong>deprecated</strong> since version 2.3.2! Use graphql_data_loader_classes instead. The graphql_data_loaders filter is deprecated and will be removed in a future version. Instead, use the graphql_data_loader_classes filter to add/change data loader classes before they are instantiated. in C:\xampp\htdocs\CDA-WEBSITE-PROJECT\CDA-WEBSITE\wordpress-backend\wp-includes\functions.php on line 6121
[02-Sep-2025 12:07:46 UTC] PHP Warning:  Constant WP_DEBUG already defined in C:\xampp\htdocs\CDA-WEBSITE-PROJECT\CDA-WEBSITE\wordpress-backend\wp-config.php on line 114
[02-Sep-2025 12:07:46 UTC] PHP Warning:  Constant WP_DEBUG_LOG already defined in C:\xampp\htdocs\CDA-WEBSITE-PROJECT\CDA-WEBSITE\wordpress-backend\wp-config.php on line 115
[02-Sep-2025 12:07:46 UTC] PHP Warning:  Constant WP_DEBUG_DISPLAY already defined in C:\xampp\htdocs\CDA-WEBSITE-PROJECT\CDA-WEBSITE\wordpress-backend\wp-config.php on line 116
[02-Sep-2025 12:08:05 UTC] PHP Warning:  Constant WP_DEBUG already defined in C:\xampp\htdocs\CDA-WEBSITE-PROJECT\CDA-WEBSITE\wordpress-backend\wp-config.php on line 114
[02-Sep-2025 12:08:05 UTC] PHP Warning:  Constant WP_DEBUG_LOG already defined in C:\xampp\htdocs\CDA-WEBSITE-PROJECT\CDA-WEBSITE\wordpress-backend\wp-config.php on line 115
[02-Sep-2025 12:08:05 UTC] PHP Warning:  Constant WP_DEBUG_DISPLAY already defined in C:\xampp\htdocs\CDA-WEBSITE-PROJECT\CDA-WEBSITE\wordpress-backend\wp-config.php on line 116
[02-Sep-2025 12:09:07 UTC] PHP Warning:  Constant WP_DEBUG already defined in C:\xampp\htdocs\CDA-WEBSITE-PROJECT\CDA-WEBSITE\wordpress-backend\wp-config.php on line 114
[02-Sep-2025 12:09:07 UTC] PHP Warning:  Constant WP_DEBUG_LOG already defined in C:\xampp\htdocs\CDA-WEBSITE-PROJECT\CDA-WEBSITE\wordpress-backend\wp-config.php on line 115
[02-Sep-2025 12:09:07 UTC] PHP Warning:  Constant WP_DEBUG_DISPLAY already defined in C:\xampp\htdocs\CDA-WEBSITE-PROJECT\CDA-WEBSITE\wordpress-backend\wp-config.php on line 116
[02-Sep-2025 12:09:08 UTC] PHP Warning:  Constant WP_DEBUG already defined in C:\xampp\htdocs\CDA-WEBSITE-PROJECT\CDA-WEBSITE\wordpress-backend\wp-config.php on line 114
[02-Sep-2025 12:09:08 UTC] PHP Warning:  Constant WP_DEBUG_LOG already defined in C:\xampp\htdocs\CDA-WEBSITE-PROJECT\CDA-WEBSITE\wordpress-backend\wp-config.php on line 115
[02-Sep-2025 12:09:08 UTC] PHP Warning:  Constant WP_DEBUG_DISPLAY already defined in C:\xampp\htdocs\CDA-WEBSITE-PROJECT\CDA-WEBSITE\wordpress-backend\wp-config.php on line 116
[02-Sep-2025 12:09:47 UTC] PHP Warning:  Constant WP_DEBUG already defined in C:\xampp\htdocs\CDA-WEBSITE-PROJECT\CDA-WEBSITE\wordpress-backend\wp-config.php on line 114
[02-Sep-2025 12:09:47 UTC] PHP Warning:  Constant WP_DEBUG_LOG already defined in C:\xampp\htdocs\CDA-WEBSITE-PROJECT\CDA-WEBSITE\wordpress-backend\wp-config.php on line 115
[02-Sep-2025 12:09:47 UTC] PHP Warning:  Constant WP_DEBUG_DISPLAY already defined in C:\xampp\htdocs\CDA-WEBSITE-PROJECT\CDA-WEBSITE\wordpress-backend\wp-config.php on line 116
[02-Sep-2025 12:09:48 UTC] PHP Warning:  Constant WP_DEBUG already defined in C:\xampp\htdocs\CDA-WEBSITE-PROJECT\CDA-WEBSITE\wordpress-backend\wp-config.php on line 114
[02-Sep-2025 12:09:48 UTC] PHP Warning:  Constant WP_DEBUG_LOG already defined in C:\xampp\htdocs\CDA-WEBSITE-PROJECT\CDA-WEBSITE\wordpress-backend\wp-config.php on line 115
[02-Sep-2025 12:09:48 UTC] PHP Warning:  Constant WP_DEBUG_DISPLAY already defined in C:\xampp\htdocs\CDA-WEBSITE-PROJECT\CDA-WEBSITE\wordpress-backend\wp-config.php on line 116
[02-Sep-2025 12:10:05 UTC] PHP Warning:  Constant WP_DEBUG already defined in C:\xampp\htdocs\CDA-WEBSITE-PROJECT\CDA-WEBSITE\wordpress-backend\wp-config.php on line 114
[02-Sep-2025 12:10:05 UTC] PHP Warning:  Constant WP_DEBUG_LOG already defined in C:\xampp\htdocs\CDA-WEBSITE-PROJECT\CDA-WEBSITE\wordpress-backend\wp-config.php on line 115
[02-Sep-2025 12:10:05 UTC] PHP Warning:  Constant WP_DEBUG_DISPLAY already defined in C:\xampp\htdocs\CDA-WEBSITE-PROJECT\CDA-WEBSITE\wordpress-backend\wp-config.php on line 116
[02-Sep-2025 12:10:06 UTC] PHP Warning:  Constant WP_DEBUG already defined in C:\xampp\htdocs\CDA-WEBSITE-PROJECT\CDA-WEBSITE\wordpress-backend\wp-config.php on line 114
[02-Sep-2025 12:10:06 UTC] PHP Warning:  Constant WP_DEBUG_LOG already defined in C:\xampp\htdocs\CDA-WEBSITE-PROJECT\CDA-WEBSITE\wordpress-backend\wp-config.php on line 115
[02-Sep-2025 12:10:06 UTC] PHP Warning:  Constant WP_DEBUG_DISPLAY already defined in C:\xampp\htdocs\CDA-WEBSITE-PROJECT\CDA-WEBSITE\wordpress-backend\wp-config.php on line 116
[02-Sep-2025 12:10:24 UTC] PHP Warning:  Constant WP_DEBUG already defined in C:\xampp\htdocs\CDA-WEBSITE-PROJECT\CDA-WEBSITE\wordpress-backend\wp-config.php on line 114
[02-Sep-2025 12:10:24 UTC] PHP Warning:  Constant WP_DEBUG_LOG already defined in C:\xampp\htdocs\CDA-WEBSITE-PROJECT\CDA-WEBSITE\wordpress-backend\wp-config.php on line 115
[02-Sep-2025 12:10:24 UTC] PHP Warning:  Constant WP_DEBUG_DISPLAY already defined in C:\xampp\htdocs\CDA-WEBSITE-PROJECT\CDA-WEBSITE\wordpress-backend\wp-config.php on line 116
[02-Sep-2025 12:10:27 UTC] PHP Warning:  Constant WP_DEBUG already defined in C:\xampp\htdocs\CDA-WEBSITE-PROJECT\CDA-WEBSITE\wordpress-backend\wp-config.php on line 114
[02-Sep-2025 12:10:27 UTC] PHP Warning:  Constant WP_DEBUG_LOG already defined in C:\xampp\htdocs\CDA-WEBSITE-PROJECT\CDA-WEBSITE\wordpress-backend\wp-config.php on line 115
[02-Sep-2025 12:10:27 UTC] PHP Warning:  Constant WP_DEBUG_DISPLAY already defined in C:\xampp\htdocs\CDA-WEBSITE-PROJECT\CDA-WEBSITE\wordpress-backend\wp-config.php on line 116
[02-Sep-2025 12:10:28 UTC] PHP Warning:  Constant WP_DEBUG already defined in C:\xampp\htdocs\CDA-WEBSITE-PROJECT\CDA-WEBSITE\wordpress-backend\wp-config.php on line 114
[02-Sep-2025 12:10:28 UTC] PHP Warning:  Constant WP_DEBUG_LOG already defined in C:\xampp\htdocs\CDA-WEBSITE-PROJECT\CDA-WEBSITE\wordpress-backend\wp-config.php on line 115
[02-Sep-2025 12:10:28 UTC] PHP Warning:  Constant WP_DEBUG_DISPLAY already defined in C:\xampp\htdocs\CDA-WEBSITE-PROJECT\CDA-WEBSITE\wordpress-backend\wp-config.php on line 116
[02-Sep-2025 12:11:48 UTC] PHP Warning:  Constant WP_DEBUG already defined in C:\xampp\htdocs\CDA-WEBSITE-PROJECT\CDA-WEBSITE\wordpress-backend\wp-config.php on line 114
[02-Sep-2025 12:11:48 UTC] PHP Warning:  Constant WP_DEBUG_LOG already defined in C:\xampp\htdocs\CDA-WEBSITE-PROJECT\CDA-WEBSITE\wordpress-backend\wp-config.php on line 115
[02-Sep-2025 12:11:48 UTC] PHP Warning:  Constant WP_DEBUG_DISPLAY already defined in C:\xampp\htdocs\CDA-WEBSITE-PROJECT\CDA-WEBSITE\wordpress-backend\wp-config.php on line 116
[02-Sep-2025 12:12:24 UTC] PHP Warning:  Constant WP_DEBUG already defined in C:\xampp\htdocs\CDA-WEBSITE-PROJECT\CDA-WEBSITE\wordpress-backend\wp-config.php on line 114
[02-Sep-2025 12:12:24 UTC] PHP Warning:  Constant WP_DEBUG_LOG already defined in C:\xampp\htdocs\CDA-WEBSITE-PROJECT\CDA-WEBSITE\wordpress-backend\wp-config.php on line 115
[02-Sep-2025 12:12:24 UTC] PHP Warning:  Constant WP_DEBUG_DISPLAY already defined in C:\xampp\htdocs\CDA-WEBSITE-PROJECT\CDA-WEBSITE\wordpress-backend\wp-config.php on line 116
[02-Sep-2025 12:12:24 UTC] PHP Warning:  Constant WP_DEBUG already defined in C:\xampp\htdocs\CDA-WEBSITE-PROJECT\CDA-WEBSITE\wordpress-backend\wp-config.php on line 114
[02-Sep-2025 12:12:24 UTC] PHP Warning:  Constant WP_DEBUG_LOG already defined in C:\xampp\htdocs\CDA-WEBSITE-PROJECT\CDA-WEBSITE\wordpress-backend\wp-config.php on line 115
[02-Sep-2025 12:12:24 UTC] PHP Warning:  Constant WP_DEBUG_DISPLAY already defined in C:\xampp\htdocs\CDA-WEBSITE-PROJECT\CDA-WEBSITE\wordpress-backend\wp-config.php on line 116
[02-Sep-2025 12:12:25 UTC] PHP Warning:  Constant WP_DEBUG already defined in C:\xampp\htdocs\CDA-WEBSITE-PROJECT\CDA-WEBSITE\wordpress-backend\wp-config.php on line 114
[02-Sep-2025 12:12:25 UTC] PHP Warning:  Constant WP_DEBUG_LOG already defined in C:\xampp\htdocs\CDA-WEBSITE-PROJECT\CDA-WEBSITE\wordpress-backend\wp-config.php on line 115
[02-Sep-2025 12:12:25 UTC] PHP Warning:  Constant WP_DEBUG_DISPLAY already defined in C:\xampp\htdocs\CDA-WEBSITE-PROJECT\CDA-WEBSITE\wordpress-backend\wp-config.php on line 116
[02-Sep-2025 12:12:29 UTC] PHP Warning:  Constant WP_DEBUG already defined in C:\xampp\htdocs\CDA-WEBSITE-PROJECT\CDA-WEBSITE\wordpress-backend\wp-config.php on line 114
[02-Sep-2025 12:12:29 UTC] PHP Warning:  Constant WP_DEBUG_LOG already defined in C:\xampp\htdocs\CDA-WEBSITE-PROJECT\CDA-WEBSITE\wordpress-backend\wp-config.php on line 115
[02-Sep-2025 12:12:29 UTC] PHP Warning:  Constant WP_DEBUG_DISPLAY already defined in C:\xampp\htdocs\CDA-WEBSITE-PROJECT\CDA-WEBSITE\wordpress-backend\wp-config.php on line 116
[02-Sep-2025 12:12:29 UTC] PHP Warning:  Constant WP_DEBUG already defined in C:\xampp\htdocs\CDA-WEBSITE-PROJECT\CDA-WEBSITE\wordpress-backend\wp-config.php on line 114
[02-Sep-2025 12:12:29 UTC] PHP Warning:  Constant WP_DEBUG_LOG already defined in C:\xampp\htdocs\CDA-WEBSITE-PROJECT\CDA-WEBSITE\wordpress-backend\wp-config.php on line 115
[02-Sep-2025 12:12:29 UTC] PHP Warning:  Constant WP_DEBUG_DISPLAY already defined in C:\xampp\htdocs\CDA-WEBSITE-PROJECT\CDA-WEBSITE\wordpress-backend\wp-config.php on line 116
[02-Sep-2025 12:12:29 UTC] PHP Warning:  Constant WP_DEBUG already defined in C:\xampp\htdocs\CDA-WEBSITE-PROJECT\CDA-WEBSITE\wordpress-backend\wp-config.php on line 114
[02-Sep-2025 12:12:29 UTC] PHP Warning:  Constant WP_DEBUG_LOG already defined in C:\xampp\htdocs\CDA-WEBSITE-PROJECT\CDA-WEBSITE\wordpress-backend\wp-config.php on line 115
[02-Sep-2025 12:12:29 UTC] PHP Warning:  Constant WP_DEBUG_DISPLAY already defined in C:\xampp\htdocs\CDA-WEBSITE-PROJECT\CDA-WEBSITE\wordpress-backend\wp-config.php on line 116
[02-Sep-2025 12:12:29 UTC] PHP Warning:  Constant WP_DEBUG already defined in C:\xampp\htdocs\CDA-WEBSITE-PROJECT\CDA-WEBSITE\wordpress-backend\wp-config.php on line 114
[02-Sep-2025 12:12:29 UTC] PHP Warning:  Constant WP_DEBUG_LOG already defined in C:\xampp\htdocs\CDA-WEBSITE-PROJECT\CDA-WEBSITE\wordpress-backend\wp-config.php on line 115
[02-Sep-2025 12:12:29 UTC] PHP Warning:  Constant WP_DEBUG_DISPLAY already defined in C:\xampp\htdocs\CDA-WEBSITE-PROJECT\CDA-WEBSITE\wordpress-backend\wp-config.php on line 116
[02-Sep-2025 12:12:35 UTC] PHP Warning:  Constant WP_DEBUG already defined in C:\xampp\htdocs\CDA-WEBSITE-PROJECT\CDA-WEBSITE\wordpress-backend\wp-config.php on line 114
[02-Sep-2025 12:12:35 UTC] PHP Warning:  Constant WP_DEBUG_LOG already defined in C:\xampp\htdocs\CDA-WEBSITE-PROJECT\CDA-WEBSITE\wordpress-backend\wp-config.php on line 115
[02-Sep-2025 12:12:35 UTC] PHP Warning:  Constant WP_DEBUG_DISPLAY already defined in C:\xampp\htdocs\CDA-WEBSITE-PROJECT\CDA-WEBSITE\wordpress-backend\wp-config.php on line 116
[02-Sep-2025 12:12:36 UTC] PHP Warning:  Constant WP_DEBUG already defined in C:\xampp\htdocs\CDA-WEBSITE-PROJECT\CDA-WEBSITE\wordpress-backend\wp-config.php on line 114
[02-Sep-2025 12:12:36 UTC] PHP Warning:  Constant WP_DEBUG_LOG already defined in C:\xampp\htdocs\CDA-WEBSITE-PROJECT\CDA-WEBSITE\wordpress-backend\wp-config.php on line 115
[02-Sep-2025 12:12:36 UTC] PHP Warning:  Constant WP_DEBUG_DISPLAY already defined in C:\xampp\htdocs\CDA-WEBSITE-PROJECT\CDA-WEBSITE\wordpress-backend\wp-config.php on line 116
[02-Sep-2025 12:12:37 UTC] PHP Warning:  Constant WP_DEBUG already defined in C:\xampp\htdocs\CDA-WEBSITE-PROJECT\CDA-WEBSITE\wordpress-backend\wp-config.php on line 114
[02-Sep-2025 12:12:37 UTC] PHP Warning:  Constant WP_DEBUG_LOG already defined in C:\xampp\htdocs\CDA-WEBSITE-PROJECT\CDA-WEBSITE\wordpress-backend\wp-config.php on line 115
[02-Sep-2025 12:12:37 UTC] PHP Warning:  Constant WP_DEBUG_DISPLAY already defined in C:\xampp\htdocs\CDA-WEBSITE-PROJECT\CDA-WEBSITE\wordpress-backend\wp-config.php on line 116
[02-Sep-2025 12:13:37 UTC] PHP Warning:  Constant WP_DEBUG already defined in C:\xampp\htdocs\CDA-WEBSITE-PROJECT\CDA-WEBSITE\wordpress-backend\wp-config.php on line 114
[02-Sep-2025 12:13:37 UTC] PHP Warning:  Constant WP_DEBUG_LOG already defined in C:\xampp\htdocs\CDA-WEBSITE-PROJECT\CDA-WEBSITE\wordpress-backend\wp-config.php on line 115
[02-Sep-2025 12:13:37 UTC] PHP Warning:  Constant WP_DEBUG_DISPLAY already defined in C:\xampp\htdocs\CDA-WEBSITE-PROJECT\CDA-WEBSITE\wordpress-backend\wp-config.php on line 116
[02-Sep-2025 12:13:49 UTC] PHP Warning:  Constant WP_DEBUG already defined in C:\xampp\htdocs\CDA-WEBSITE-PROJECT\CDA-WEBSITE\wordpress-backend\wp-config.php on line 114
[02-Sep-2025 12:13:49 UTC] PHP Warning:  Constant WP_DEBUG_LOG already defined in C:\xampp\htdocs\CDA-WEBSITE-PROJECT\CDA-WEBSITE\wordpress-backend\wp-config.php on line 115
[02-Sep-2025 12:13:49 UTC] PHP Warning:  Constant WP_DEBUG_DISPLAY already defined in C:\xampp\htdocs\CDA-WEBSITE-PROJECT\CDA-WEBSITE\wordpress-backend\wp-config.php on line 116
[02-Sep-2025 12:15:37 UTC] PHP Warning:  Constant WP_DEBUG already defined in C:\xampp\htdocs\CDA-WEBSITE-PROJECT\CDA-WEBSITE\wordpress-backend\wp-config.php on line 114
[02-Sep-2025 12:15:37 UTC] PHP Warning:  Constant WP_DEBUG_LOG already defined in C:\xampp\htdocs\CDA-WEBSITE-PROJECT\CDA-WEBSITE\wordpress-backend\wp-config.php on line 115
[02-Sep-2025 12:15:37 UTC] PHP Warning:  Constant WP_DEBUG_DISPLAY already defined in C:\xampp\htdocs\CDA-WEBSITE-PROJECT\CDA-WEBSITE\wordpress-backend\wp-config.php on line 116
[02-Sep-2025 12:15:50 UTC] PHP Warning:  Constant WP_DEBUG already defined in C:\xampp\htdocs\CDA-WEBSITE-PROJECT\CDA-WEBSITE\wordpress-backend\wp-config.php on line 114
[02-Sep-2025 12:15:50 UTC] PHP Warning:  Constant WP_DEBUG_LOG already defined in C:\xampp\htdocs\CDA-WEBSITE-PROJECT\CDA-WEBSITE\wordpress-backend\wp-config.php on line 115
[02-Sep-2025 12:15:50 UTC] PHP Warning:  Constant WP_DEBUG_DISPLAY already defined in C:\xampp\htdocs\CDA-WEBSITE-PROJECT\CDA-WEBSITE\wordpress-backend\wp-config.php on line 116
[02-Sep-2025 12:17:39 UTC] PHP Warning:  Constant WP_DEBUG already defined in C:\xampp\htdocs\CDA-WEBSITE-PROJECT\CDA-WEBSITE\wordpress-backend\wp-config.php on line 114
[02-Sep-2025 12:17:39 UTC] PHP Warning:  Constant WP_DEBUG_LOG already defined in C:\xampp\htdocs\CDA-WEBSITE-PROJECT\CDA-WEBSITE\wordpress-backend\wp-config.php on line 115
[02-Sep-2025 12:17:39 UTC] PHP Warning:  Constant WP_DEBUG_DISPLAY already defined in C:\xampp\htdocs\CDA-WEBSITE-PROJECT\CDA-WEBSITE\wordpress-backend\wp-config.php on line 116
[02-Sep-2025 12:17:39 UTC] PHP Warning:  Constant WP_DEBUG already defined in C:\xampp\htdocs\CDA-WEBSITE-PROJECT\CDA-WEBSITE\wordpress-backend\wp-config.php on line 114
[02-Sep-2025 12:17:39 UTC] PHP Warning:  Constant WP_DEBUG_LOG already defined in C:\xampp\htdocs\CDA-WEBSITE-PROJECT\CDA-WEBSITE\wordpress-backend\wp-config.php on line 115
[02-Sep-2025 12:17:39 UTC] PHP Warning:  Constant WP_DEBUG_DISPLAY already defined in C:\xampp\htdocs\CDA-WEBSITE-PROJECT\CDA-WEBSITE\wordpress-backend\wp-config.php on line 116
[02-Sep-2025 12:19:14 UTC] PHP Warning:  Constant WP_DEBUG already defined in C:\xampp\htdocs\CDA-WEBSITE-PROJECT\CDA-WEBSITE\wordpress-backend\wp-config.php on line 114
[02-Sep-2025 12:19:14 UTC] PHP Warning:  Constant WP_DEBUG_LOG already defined in C:\xampp\htdocs\CDA-WEBSITE-PROJECT\CDA-WEBSITE\wordpress-backend\wp-config.php on line 115
[02-Sep-2025 12:19:14 UTC] PHP Warning:  Constant WP_DEBUG_DISPLAY already defined in C:\xampp\htdocs\CDA-WEBSITE-PROJECT\CDA-WEBSITE\wordpress-backend\wp-config.php on line 116
[02-Sep-2025 12:19:39 UTC] PHP Warning:  Constant WP_DEBUG already defined in C:\xampp\htdocs\CDA-WEBSITE-PROJECT\CDA-WEBSITE\wordpress-backend\wp-config.php on line 114
[02-Sep-2025 12:19:39 UTC] PHP Warning:  Constant WP_DEBUG_LOG already defined in C:\xampp\htdocs\CDA-WEBSITE-PROJECT\CDA-WEBSITE\wordpress-backend\wp-config.php on line 115
[02-Sep-2025 12:19:39 UTC] PHP Warning:  Constant WP_DEBUG_DISPLAY already defined in C:\xampp\htdocs\CDA-WEBSITE-PROJECT\CDA-WEBSITE\wordpress-backend\wp-config.php on line 116
[02-Sep-2025 12:20:15 UTC] PHP Notice:  Function _load_textdomain_just_in_time was called <strong>incorrectly</strong>. Translation loading for the <code>acf</code> domain was triggered too early. This is usually an indicator for some code in the plugin or theme running too early. Translations should be loaded at the <code>init</code> action or later. Please see <a href="https://developer.wordpress.org/advanced-administration/debug/debug-wordpress/">Debugging in WordPress</a> for more information. (This message was added in version 6.7.0.) in C:\xampp\htdocs\CDA-WEBSITE-PROJECT\CDA-WEBSITE\wordpress-backend\wp-includes\functions.php on line 6121
[02-Sep-2025 12:20:16 UTC] PHP Warning:  Constant WP_DEBUG already defined in C:\xampp\htdocs\CDA-WEBSITE-PROJECT\CDA-WEBSITE\wordpress-backend\wp-config.php on line 114
[02-Sep-2025 12:20:16 UTC] PHP Warning:  Constant WP_DEBUG_LOG already defined in C:\xampp\htdocs\CDA-WEBSITE-PROJECT\CDA-WEBSITE\wordpress-backend\wp-config.php on line 115
[02-Sep-2025 12:20:16 UTC] PHP Warning:  Constant WP_DEBUG_DISPLAY already defined in C:\xampp\htdocs\CDA-WEBSITE-PROJECT\CDA-WEBSITE\wordpress-backend\wp-config.php on line 116
[02-Sep-2025 12:21:40 UTC] PHP Notice:  Function _load_textdomain_just_in_time was called <strong>incorrectly</strong>. Translation loading for the <code>acf</code> domain was triggered too early. This is usually an indicator for some code in the plugin or theme running too early. Translations should be loaded at the <code>init</code> action or later. Please see <a href="https://developer.wordpress.org/advanced-administration/debug/debug-wordpress/">Debugging in WordPress</a> for more information. (This message was added in version 6.7.0.) in C:\xampp\htdocs\CDA-WEBSITE-PROJECT\CDA-WEBSITE\wordpress-backend\wp-includes\functions.php on line 6121
[02-Sep-2025 12:21:40 UTC] PHP Warning:  Constant WP_DEBUG already defined in C:\xampp\htdocs\CDA-WEBSITE-PROJECT\CDA-WEBSITE\wordpress-backend\wp-config.php on line 114
[02-Sep-2025 12:21:40 UTC] PHP Warning:  Constant WP_DEBUG_LOG already defined in C:\xampp\htdocs\CDA-WEBSITE-PROJECT\CDA-WEBSITE\wordpress-backend\wp-config.php on line 115
[02-Sep-2025 12:21:40 UTC] PHP Warning:  Constant WP_DEBUG_DISPLAY already defined in C:\xampp\htdocs\CDA-WEBSITE-PROJECT\CDA-WEBSITE\wordpress-backend\wp-config.php on line 116
[02-Sep-2025 12:22:16 UTC] PHP Notice:  Function _load_textdomain_just_in_time was called <strong>incorrectly</strong>. Translation loading for the <code>acf</code> domain was triggered too early. This is usually an indicator for some code in the plugin or theme running too early. Translations should be loaded at the <code>init</code> action or later. Please see <a href="https://developer.wordpress.org/advanced-administration/debug/debug-wordpress/">Debugging in WordPress</a> for more information. (This message was added in version 6.7.0.) in C:\xampp\htdocs\CDA-WEBSITE-PROJECT\CDA-WEBSITE\wordpress-backend\wp-includes\functions.php on line 6121
[02-Sep-2025 12:22:16 UTC] PHP Warning:  Constant WP_DEBUG already defined in C:\xampp\htdocs\CDA-WEBSITE-PROJECT\CDA-WEBSITE\wordpress-backend\wp-config.php on line 114
[02-Sep-2025 12:22:16 UTC] PHP Warning:  Constant WP_DEBUG_LOG already defined in C:\xampp\htdocs\CDA-WEBSITE-PROJECT\CDA-WEBSITE\wordpress-backend\wp-config.php on line 115
[02-Sep-2025 12:22:16 UTC] PHP Warning:  Constant WP_DEBUG_DISPLAY already defined in C:\xampp\htdocs\CDA-WEBSITE-PROJECT\CDA-WEBSITE\wordpress-backend\wp-config.php on line 116
[02-Sep-2025 12:23:41 UTC] PHP Notice:  Function _load_textdomain_just_in_time was called <strong>incorrectly</strong>. Translation loading for the <code>acf</code> domain was triggered too early. This is usually an indicator for some code in the plugin or theme running too early. Translations should be loaded at the <code>init</code> action or later. Please see <a href="https://developer.wordpress.org/advanced-administration/debug/debug-wordpress/">Debugging in WordPress</a> for more information. (This message was added in version 6.7.0.) in C:\xampp\htdocs\CDA-WEBSITE-PROJECT\CDA-WEBSITE\wordpress-backend\wp-includes\functions.php on line 6121
[02-Sep-2025 12:23:42 UTC] PHP Warning:  Constant WP_DEBUG already defined in C:\xampp\htdocs\CDA-WEBSITE-PROJECT\CDA-WEBSITE\wordpress-backend\wp-config.php on line 114
[02-Sep-2025 12:23:42 UTC] PHP Warning:  Constant WP_DEBUG_LOG already defined in C:\xampp\htdocs\CDA-WEBSITE-PROJECT\CDA-WEBSITE\wordpress-backend\wp-config.php on line 115
[02-Sep-2025 12:23:42 UTC] PHP Warning:  Constant WP_DEBUG_DISPLAY already defined in C:\xampp\htdocs\CDA-WEBSITE-PROJECT\CDA-WEBSITE\wordpress-backend\wp-config.php on line 116
[02-Sep-2025 12:24:17 UTC] PHP Notice:  Function _load_textdomain_just_in_time was called <strong>incorrectly</strong>. Translation loading for the <code>acf</code> domain was triggered too early. This is usually an indicator for some code in the plugin or theme running too early. Translations should be loaded at the <code>init</code> action or later. Please see <a href="https://developer.wordpress.org/advanced-administration/debug/debug-wordpress/">Debugging in WordPress</a> for more information. (This message was added in version 6.7.0.) in C:\xampp\htdocs\CDA-WEBSITE-PROJECT\CDA-WEBSITE\wordpress-backend\wp-includes\functions.php on line 6121
[02-Sep-2025 12:24:18 UTC] PHP Warning:  Constant WP_DEBUG already defined in C:\xampp\htdocs\CDA-WEBSITE-PROJECT\CDA-WEBSITE\wordpress-backend\wp-config.php on line 114
[02-Sep-2025 12:24:18 UTC] PHP Warning:  Constant WP_DEBUG_LOG already defined in C:\xampp\htdocs\CDA-WEBSITE-PROJECT\CDA-WEBSITE\wordpress-backend\wp-config.php on line 115
[02-Sep-2025 12:24:18 UTC] PHP Warning:  Constant WP_DEBUG_DISPLAY already defined in C:\xampp\htdocs\CDA-WEBSITE-PROJECT\CDA-WEBSITE\wordpress-backend\wp-config.php on line 116
[02-Sep-2025 12:25:42 UTC] PHP Notice:  Function _load_textdomain_just_in_time was called <strong>incorrectly</strong>. Translation loading for the <code>acf</code> domain was triggered too early. This is usually an indicator for some code in the plugin or theme running too early. Translations should be loaded at the <code>init</code> action or later. Please see <a href="https://developer.wordpress.org/advanced-administration/debug/debug-wordpress/">Debugging in WordPress</a> for more information. (This message was added in version 6.7.0.) in C:\xampp\htdocs\CDA-WEBSITE-PROJECT\CDA-WEBSITE\wordpress-backend\wp-includes\functions.php on line 6121
[02-Sep-2025 12:25:43 UTC] PHP Warning:  Constant WP_DEBUG already defined in C:\xampp\htdocs\CDA-WEBSITE-PROJECT\CDA-WEBSITE\wordpress-backend\wp-config.php on line 114
[02-Sep-2025 12:25:43 UTC] PHP Warning:  Constant WP_DEBUG_LOG already defined in C:\xampp\htdocs\CDA-WEBSITE-PROJECT\CDA-WEBSITE\wordpress-backend\wp-config.php on line 115
[02-Sep-2025 12:25:43 UTC] PHP Warning:  Constant WP_DEBUG_DISPLAY already defined in C:\xampp\htdocs\CDA-WEBSITE-PROJECT\CDA-WEBSITE\wordpress-backend\wp-config.php on line 116
[02-Sep-2025 12:26:18 UTC] PHP Notice:  Function _load_textdomain_just_in_time was called <strong>incorrectly</strong>. Translation loading for the <code>acf</code> domain was triggered too early. This is usually an indicator for some code in the plugin or theme running too early. Translations should be loaded at the <code>init</code> action or later. Please see <a href="https://developer.wordpress.org/advanced-administration/debug/debug-wordpress/">Debugging in WordPress</a> for more information. (This message was added in version 6.7.0.) in C:\xampp\htdocs\CDA-WEBSITE-PROJECT\CDA-WEBSITE\wordpress-backend\wp-includes\functions.php on line 6121
[02-Sep-2025 12:26:18 UTC] PHP Warning:  Constant WP_DEBUG already defined in C:\xampp\htdocs\CDA-WEBSITE-PROJECT\CDA-WEBSITE\wordpress-backend\wp-config.php on line 114
[02-Sep-2025 12:26:18 UTC] PHP Warning:  Constant WP_DEBUG_LOG already defined in C:\xampp\htdocs\CDA-WEBSITE-PROJECT\CDA-WEBSITE\wordpress-backend\wp-config.php on line 115
[02-Sep-2025 12:26:18 UTC] PHP Warning:  Constant WP_DEBUG_DISPLAY already defined in C:\xampp\htdocs\CDA-WEBSITE-PROJECT\CDA-WEBSITE\wordpress-backend\wp-config.php on line 116
[02-Sep-2025 12:27:43 UTC] PHP Notice:  Function _load_textdomain_just_in_time was called <strong>incorrectly</strong>. Translation loading for the <code>acf</code> domain was triggered too early. This is usually an indicator for some code in the plugin or theme running too early. Translations should be loaded at the <code>init</code> action or later. Please see <a href="https://developer.wordpress.org/advanced-administration/debug/debug-wordpress/">Debugging in WordPress</a> for more information. (This message was added in version 6.7.0.) in C:\xampp\htdocs\CDA-WEBSITE-PROJECT\CDA-WEBSITE\wordpress-backend\wp-includes\functions.php on line 6121
[02-Sep-2025 12:27:43 UTC] PHP Warning:  Constant WP_DEBUG already defined in C:\xampp\htdocs\CDA-WEBSITE-PROJECT\CDA-WEBSITE\wordpress-backend\wp-config.php on line 114
[02-Sep-2025 12:27:43 UTC] PHP Warning:  Constant WP_DEBUG_LOG already defined in C:\xampp\htdocs\CDA-WEBSITE-PROJECT\CDA-WEBSITE\wordpress-backend\wp-config.php on line 115
[02-Sep-2025 12:27:43 UTC] PHP Warning:  Constant WP_DEBUG_DISPLAY already defined in C:\xampp\htdocs\CDA-WEBSITE-PROJECT\CDA-WEBSITE\wordpress-backend\wp-config.php on line 116
[02-Sep-2025 12:28:19 UTC] PHP Notice:  Function _load_textdomain_just_in_time was called <strong>incorrectly</strong>. Translation loading for the <code>acf</code> domain was triggered too early. This is usually an indicator for some code in the plugin or theme running too early. Translations should be loaded at the <code>init</code> action or later. Please see <a href="https://developer.wordpress.org/advanced-administration/debug/debug-wordpress/">Debugging in WordPress</a> for more information. (This message was added in version 6.7.0.) in C:\xampp\htdocs\CDA-WEBSITE-PROJECT\CDA-WEBSITE\wordpress-backend\wp-includes\functions.php on line 6121
[02-Sep-2025 12:28:19 UTC] PHP Warning:  Constant WP_DEBUG already defined in C:\xampp\htdocs\CDA-WEBSITE-PROJECT\CDA-WEBSITE\wordpress-backend\wp-config.php on line 114
[02-Sep-2025 12:28:19 UTC] PHP Warning:  Constant WP_DEBUG_LOG already defined in C:\xampp\htdocs\CDA-WEBSITE-PROJECT\CDA-WEBSITE\wordpress-backend\wp-config.php on line 115
[02-Sep-2025 12:28:19 UTC] PHP Warning:  Constant WP_DEBUG_DISPLAY already defined in C:\xampp\htdocs\CDA-WEBSITE-PROJECT\CDA-WEBSITE\wordpress-backend\wp-config.php on line 116
[02-Sep-2025 12:28:57 UTC] PHP Notice:  Function _load_textdomain_just_in_time was called <strong>incorrectly</strong>. Translation loading for the <code>acf</code> domain was triggered too early. This is usually an indicator for some code in the plugin or theme running too early. Translations should be loaded at the <code>init</code> action or later. Please see <a href="https://developer.wordpress.org/advanced-administration/debug/debug-wordpress/">Debugging in WordPress</a> for more information. (This message was added in version 6.7.0.) in C:\xampp\htdocs\CDA-WEBSITE-PROJECT\CDA-WEBSITE\wordpress-backend\wp-includes\functions.php on line 6121
[02-Sep-2025 12:28:57 UTC] PHP Warning:  Constant WP_DEBUG already defined in C:\xampp\htdocs\CDA-WEBSITE-PROJECT\CDA-WEBSITE\wordpress-backend\wp-config.php on line 114
[02-Sep-2025 12:28:57 UTC] PHP Warning:  Constant WP_DEBUG_LOG already defined in C:\xampp\htdocs\CDA-WEBSITE-PROJECT\CDA-WEBSITE\wordpress-backend\wp-config.php on line 115
[02-Sep-2025 12:28:57 UTC] PHP Warning:  Constant WP_DEBUG_DISPLAY already defined in C:\xampp\htdocs\CDA-WEBSITE-PROJECT\CDA-WEBSITE\wordpress-backend\wp-config.php on line 116
[02-Sep-2025 12:28:58 UTC] PHP Notice:  Function _load_textdomain_just_in_time was called <strong>incorrectly</strong>. Translation loading for the <code>acf</code> domain was triggered too early. This is usually an indicator for some code in the plugin or theme running too early. Translations should be loaded at the <code>init</code> action or later. Please see <a href="https://developer.wordpress.org/advanced-administration/debug/debug-wordpress/">Debugging in WordPress</a> for more information. (This message was added in version 6.7.0.) in C:\xampp\htdocs\CDA-WEBSITE-PROJECT\CDA-WEBSITE\wordpress-backend\wp-includes\functions.php on line 6121
[02-Sep-2025 12:28:58 UTC] PHP Warning:  Constant WP_DEBUG already defined in C:\xampp\htdocs\CDA-WEBSITE-PROJECT\CDA-WEBSITE\wordpress-backend\wp-config.php on line 114
[02-Sep-2025 12:28:58 UTC] PHP Warning:  Constant WP_DEBUG_LOG already defined in C:\xampp\htdocs\CDA-WEBSITE-PROJECT\CDA-WEBSITE\wordpress-backend\wp-config.php on line 115
[02-Sep-2025 12:28:58 UTC] PHP Warning:  Constant WP_DEBUG_DISPLAY already defined in C:\xampp\htdocs\CDA-WEBSITE-PROJECT\CDA-WEBSITE\wordpress-backend\wp-config.php on line 116
[02-Sep-2025 12:28:58 UTC] PHP Deprecated:  Hook graphql_data_loaders is <strong>deprecated</strong> since version 2.3.2! Use graphql_data_loader_classes instead. The graphql_data_loaders filter is deprecated and will be removed in a future version. Instead, use the graphql_data_loader_classes filter to add/change data loader classes before they are instantiated. in C:\xampp\htdocs\CDA-WEBSITE-PROJECT\CDA-WEBSITE\wordpress-backend\wp-includes\functions.php on line 6121
[02-Sep-2025 12:28:58 UTC] PHP Deprecated:  Hook graphql_data_loaders is <strong>deprecated</strong> since version 2.3.2! Use graphql_data_loader_classes instead. The graphql_data_loaders filter is deprecated and will be removed in a future version. Instead, use the graphql_data_loader_classes filter to add/change data loader classes before they are instantiated. in C:\xampp\htdocs\CDA-WEBSITE-PROJECT\CDA-WEBSITE\wordpress-backend\wp-includes\functions.php on line 6121
[02-Sep-2025 12:28:58 UTC] PHP Deprecated:  Hook graphql_data_loaders is <strong>deprecated</strong> since version 2.3.2! Use graphql_data_loader_classes instead. The graphql_data_loaders filter is deprecated and will be removed in a future version. Instead, use the graphql_data_loader_classes filter to add/change data loader classes before they are instantiated. in C:\xampp\htdocs\CDA-WEBSITE-PROJECT\CDA-WEBSITE\wordpress-backend\wp-includes\functions.php on line 6121
[02-Sep-2025 12:29:08 UTC] PHP Notice:  Function _load_textdomain_just_in_time was called <strong>incorrectly</strong>. Translation loading for the <code>acf</code> domain was triggered too early. This is usually an indicator for some code in the plugin or theme running too early. Translations should be loaded at the <code>init</code> action or later. Please see <a href="https://developer.wordpress.org/advanced-administration/debug/debug-wordpress/">Debugging in WordPress</a> for more information. (This message was added in version 6.7.0.) in C:\xampp\htdocs\CDA-WEBSITE-PROJECT\CDA-WEBSITE\wordpress-backend\wp-includes\functions.php on line 6121
[02-Sep-2025 12:29:08 UTC] PHP Warning:  Constant WP_DEBUG already defined in C:\xampp\htdocs\CDA-WEBSITE-PROJECT\CDA-WEBSITE\wordpress-backend\wp-config.php on line 114
[02-Sep-2025 12:29:08 UTC] PHP Warning:  Constant WP_DEBUG_LOG already defined in C:\xampp\htdocs\CDA-WEBSITE-PROJECT\CDA-WEBSITE\wordpress-backend\wp-config.php on line 115
[02-Sep-2025 12:29:08 UTC] PHP Warning:  Constant WP_DEBUG_DISPLAY already defined in C:\xampp\htdocs\CDA-WEBSITE-PROJECT\CDA-WEBSITE\wordpress-backend\wp-config.php on line 116
[02-Sep-2025 12:29:08 UTC] PHP Deprecated:  Hook graphql_data_loaders is <strong>deprecated</strong> since version 2.3.2! Use graphql_data_loader_classes instead. The graphql_data_loaders filter is deprecated and will be removed in a future version. Instead, use the graphql_data_loader_classes filter to add/change data loader classes before they are instantiated. in C:\xampp\htdocs\CDA-WEBSITE-PROJECT\CDA-WEBSITE\wordpress-backend\wp-includes\functions.php on line 6121
[02-Sep-2025 12:29:08 UTC] PHP Deprecated:  Hook graphql_data_loaders is <strong>deprecated</strong> since version 2.3.2! Use graphql_data_loader_classes instead. The graphql_data_loaders filter is deprecated and will be removed in a future version. Instead, use the graphql_data_loader_classes filter to add/change data loader classes before they are instantiated. in C:\xampp\htdocs\CDA-WEBSITE-PROJECT\CDA-WEBSITE\wordpress-backend\wp-includes\functions.php on line 6121
[02-Sep-2025 12:29:08 UTC] PHP Deprecated:  Hook graphql_data_loaders is <strong>deprecated</strong> since version 2.3.2! Use graphql_data_loader_classes instead. The graphql_data_loaders filter is deprecated and will be removed in a future version. Instead, use the graphql_data_loader_classes filter to add/change data loader classes before they are instantiated. in C:\xampp\htdocs\CDA-WEBSITE-PROJECT\CDA-WEBSITE\wordpress-backend\wp-includes\functions.php on line 6121
[02-Sep-2025 12:29:22 UTC] PHP Notice:  Function _load_textdomain_just_in_time was called <strong>incorrectly</strong>. Translation loading for the <code>acf</code> domain was triggered too early. This is usually an indicator for some code in the plugin or theme running too early. Translations should be loaded at the <code>init</code> action or later. Please see <a href="https://developer.wordpress.org/advanced-administration/debug/debug-wordpress/">Debugging in WordPress</a> for more information. (This message was added in version 6.7.0.) in C:\xampp\htdocs\CDA-WEBSITE-PROJECT\CDA-WEBSITE\wordpress-backend\wp-includes\functions.php on line 6121
[02-Sep-2025 12:29:22 UTC] PHP Warning:  Constant WP_DEBUG already defined in C:\xampp\htdocs\CDA-WEBSITE-PROJECT\CDA-WEBSITE\wordpress-backend\wp-config.php on line 114
[02-Sep-2025 12:29:22 UTC] PHP Warning:  Constant WP_DEBUG_LOG already defined in C:\xampp\htdocs\CDA-WEBSITE-PROJECT\CDA-WEBSITE\wordpress-backend\wp-config.php on line 115
[02-Sep-2025 12:29:22 UTC] PHP Warning:  Constant WP_DEBUG_DISPLAY already defined in C:\xampp\htdocs\CDA-WEBSITE-PROJECT\CDA-WEBSITE\wordpress-backend\wp-config.php on line 116
[02-Sep-2025 12:29:22 UTC] PHP Deprecated:  Hook graphql_data_loaders is <strong>deprecated</strong> since version 2.3.2! Use graphql_data_loader_classes instead. The graphql_data_loaders filter is deprecated and will be removed in a future version. Instead, use the graphql_data_loader_classes filter to add/change data loader classes before they are instantiated. in C:\xampp\htdocs\CDA-WEBSITE-PROJECT\CDA-WEBSITE\wordpress-backend\wp-includes\functions.php on line 6121
[02-Sep-2025 12:29:22 UTC] PHP Deprecated:  Hook graphql_data_loaders is <strong>deprecated</strong> since version 2.3.2! Use graphql_data_loader_classes instead. The graphql_data_loaders filter is deprecated and will be removed in a future version. Instead, use the graphql_data_loader_classes filter to add/change data loader classes before they are instantiated. in C:\xampp\htdocs\CDA-WEBSITE-PROJECT\CDA-WEBSITE\wordpress-backend\wp-includes\functions.php on line 6121
[02-Sep-2025 12:29:22 UTC] PHP Deprecated:  Hook graphql_data_loaders is <strong>deprecated</strong> since version 2.3.2! Use graphql_data_loader_classes instead. The graphql_data_loaders filter is deprecated and will be removed in a future version. Instead, use the graphql_data_loader_classes filter to add/change data loader classes before they are instantiated. in C:\xampp\htdocs\CDA-WEBSITE-PROJECT\CDA-WEBSITE\wordpress-backend\wp-includes\functions.php on line 6121
[02-Sep-2025 12:29:44 UTC] PHP Notice:  Function _load_textdomain_just_in_time was called <strong>incorrectly</strong>. Translation loading for the <code>acf</code> domain was triggered too early. This is usually an indicator for some code in the plugin or theme running too early. Translations should be loaded at the <code>init</code> action or later. Please see <a href="https://developer.wordpress.org/advanced-administration/debug/debug-wordpress/">Debugging in WordPress</a> for more information. (This message was added in version 6.7.0.) in C:\xampp\htdocs\CDA-WEBSITE-PROJECT\CDA-WEBSITE\wordpress-backend\wp-includes\functions.php on line 6121
[02-Sep-2025 12:29:45 UTC] PHP Warning:  Constant WP_DEBUG already defined in C:\xampp\htdocs\CDA-WEBSITE-PROJECT\CDA-WEBSITE\wordpress-backend\wp-config.php on line 114
[02-Sep-2025 12:29:45 UTC] PHP Warning:  Constant WP_DEBUG_LOG already defined in C:\xampp\htdocs\CDA-WEBSITE-PROJECT\CDA-WEBSITE\wordpress-backend\wp-config.php on line 115
[02-Sep-2025 12:29:45 UTC] PHP Warning:  Constant WP_DEBUG_DISPLAY already defined in C:\xampp\htdocs\CDA-WEBSITE-PROJECT\CDA-WEBSITE\wordpress-backend\wp-config.php on line 116
[02-Sep-2025 12:31:07 UTC] PHP Notice:  Function _load_textdomain_just_in_time was called <strong>incorrectly</strong>. Translation loading for the <code>acf</code> domain was triggered too early. This is usually an indicator for some code in the plugin or theme running too early. Translations should be loaded at the <code>init</code> action or later. Please see <a href="https://developer.wordpress.org/advanced-administration/debug/debug-wordpress/">Debugging in WordPress</a> for more information. (This message was added in version 6.7.0.) in C:\xampp\htdocs\CDA-WEBSITE-PROJECT\CDA-WEBSITE\wordpress-backend\wp-includes\functions.php on line 6121
[02-Sep-2025 12:31:07 UTC] PHP Warning:  Constant WP_DEBUG already defined in C:\xampp\htdocs\CDA-WEBSITE-PROJECT\CDA-WEBSITE\wordpress-backend\wp-config.php on line 114
[02-Sep-2025 12:31:07 UTC] PHP Warning:  Constant WP_DEBUG_LOG already defined in C:\xampp\htdocs\CDA-WEBSITE-PROJECT\CDA-WEBSITE\wordpress-backend\wp-config.php on line 115
[02-Sep-2025 12:31:07 UTC] PHP Warning:  Constant WP_DEBUG_DISPLAY already defined in C:\xampp\htdocs\CDA-WEBSITE-PROJECT\CDA-WEBSITE\wordpress-backend\wp-config.php on line 116
[02-Sep-2025 12:31:14 UTC] PHP Notice:  Function _load_textdomain_just_in_time was called <strong>incorrectly</strong>. Translation loading for the <code>acf</code> domain was triggered too early. This is usually an indicator for some code in the plugin or theme running too early. Translations should be loaded at the <code>init</code> action or later. Please see <a href="https://developer.wordpress.org/advanced-administration/debug/debug-wordpress/">Debugging in WordPress</a> for more information. (This message was added in version 6.7.0.) in C:\xampp\htdocs\CDA-WEBSITE-PROJECT\CDA-WEBSITE\wordpress-backend\wp-includes\functions.php on line 6121
[02-Sep-2025 12:31:14 UTC] PHP Warning:  Constant WP_DEBUG already defined in C:\xampp\htdocs\CDA-WEBSITE-PROJECT\CDA-WEBSITE\wordpress-backend\wp-config.php on line 114
[02-Sep-2025 12:31:14 UTC] PHP Warning:  Constant WP_DEBUG_LOG already defined in C:\xampp\htdocs\CDA-WEBSITE-PROJECT\CDA-WEBSITE\wordpress-backend\wp-config.php on line 115
[02-Sep-2025 12:31:14 UTC] PHP Warning:  Constant WP_DEBUG_DISPLAY already defined in C:\xampp\htdocs\CDA-WEBSITE-PROJECT\CDA-WEBSITE\wordpress-backend\wp-config.php on line 116
[02-Sep-2025 12:31:14 UTC] PHP Deprecated:  Hook graphql_data_loaders is <strong>deprecated</strong> since version 2.3.2! Use graphql_data_loader_classes instead. The graphql_data_loaders filter is deprecated and will be removed in a future version. Instead, use the graphql_data_loader_classes filter to add/change data loader classes before they are instantiated. in C:\xampp\htdocs\CDA-WEBSITE-PROJECT\CDA-WEBSITE\wordpress-backend\wp-includes\functions.php on line 6121
[02-Sep-2025 12:31:14 UTC] PHP Deprecated:  Hook graphql_data_loaders is <strong>deprecated</strong> since version 2.3.2! Use graphql_data_loader_classes instead. The graphql_data_loaders filter is deprecated and will be removed in a future version. Instead, use the graphql_data_loader_classes filter to add/change data loader classes before they are instantiated. in C:\xampp\htdocs\CDA-WEBSITE-PROJECT\CDA-WEBSITE\wordpress-backend\wp-includes\functions.php on line 6121
[02-Sep-2025 12:31:14 UTC] PHP Deprecated:  Hook graphql_data_loaders is <strong>deprecated</strong> since version 2.3.2! Use graphql_data_loader_classes instead. The graphql_data_loaders filter is deprecated and will be removed in a future version. Instead, use the graphql_data_loader_classes filter to add/change data loader classes before they are instantiated. in C:\xampp\htdocs\CDA-WEBSITE-PROJECT\CDA-WEBSITE\wordpress-backend\wp-includes\functions.php on line 6121
[02-Sep-2025 12:31:45 UTC] PHP Notice:  Function _load_textdomain_just_in_time was called <strong>incorrectly</strong>. Translation loading for the <code>acf</code> domain was triggered too early. This is usually an indicator for some code in the plugin or theme running too early. Translations should be loaded at the <code>init</code> action or later. Please see <a href="https://developer.wordpress.org/advanced-administration/debug/debug-wordpress/">Debugging in WordPress</a> for more information. (This message was added in version 6.7.0.) in C:\xampp\htdocs\CDA-WEBSITE-PROJECT\CDA-WEBSITE\wordpress-backend\wp-includes\functions.php on line 6121
[02-Sep-2025 12:31:45 UTC] PHP Warning:  Constant WP_DEBUG already defined in C:\xampp\htdocs\CDA-WEBSITE-PROJECT\CDA-WEBSITE\wordpress-backend\wp-config.php on line 114
[02-Sep-2025 12:31:45 UTC] PHP Warning:  Constant WP_DEBUG_LOG already defined in C:\xampp\htdocs\CDA-WEBSITE-PROJECT\CDA-WEBSITE\wordpress-backend\wp-config.php on line 115
[02-Sep-2025 12:31:45 UTC] PHP Warning:  Constant WP_DEBUG_DISPLAY already defined in C:\xampp\htdocs\CDA-WEBSITE-PROJECT\CDA-WEBSITE\wordpress-backend\wp-config.php on line 116
